[backblue.gif]
[fade.gif]
[index.html]
[tref.digitaldesignnyc.co/index.html]
[tref.digitaldesignnyc.co/wp-content/themes/tref/assets/fonts/Jost-Light.eot]
[tref.digitaldesignnyc.co/wp-content/themes/tref/assets/fonts/Jost-Lightd41d.eot]
[tref.digitaldesignnyc.co/wp-content/themes/tref/assets/fonts/Jost-Light.woff2]
[tref.digitaldesignnyc.co/wp-content/themes/tref/assets/fonts/Jost-Light.woff]
[tref.digitaldesignnyc.co/wp-content/themes/tref/assets/fonts/Jost-Light.ttf]
[tref.digitaldesignnyc.co/wp-content/themes/tref/assets/fonts/Jost-Regular.eot]
[tref.digitaldesignnyc.co/wp-content/themes/tref/assets/fonts/Jost-Regulard41d.eot]
[tref.digitaldesignnyc.co/wp-content/themes/tref/assets/fonts/Jost-Regular.woff2]
[tref.digitaldesignnyc.co/wp-content/themes/tref/assets/fonts/Jost-Regular.woff]
[tref.digitaldesignnyc.co/wp-content/themes/tref/assets/fonts/Jost-Regular.ttf]
[tref.digitaldesignnyc.co/wp-content/themes/tref/assets/fonts/NanumMyeongjo.eot]
[tref.digitaldesignnyc.co/wp-content/themes/tref/assets/fonts/NanumMyeongjo.woff2]
[tref.digitaldesignnyc.co/wp-content/themes/tref/assets/fonts/NanumMyeongjo.woff]
[tref.digitaldesignnyc.co/wp-content/themes/tref/assets/fonts/NanumMyeongjod41d.eot]
[tref.digitaldesignnyc.co/wp-content/themes/tref/assets/fonts/NanumMyeongjo.ttf]
[tref.digitaldesignnyc.co/wp-content/themes/tref/assets/images/media/slide1.jpeg]
[tref.digitaldesignnyc.co/wp-content/themes/tref/assets/images/media/slide1-mob.jpg]
[tref.digitaldesignnyc.co/wp-content/themes/tref/assets/css/allbd78.css]
[tref.digitaldesignnyc.co/wp-content/themes/tref/assets/images/key-bg.svg]
[tref.digitaldesignnyc.co/wp-content/themes/tref/assets/images/key.svg]
[tref.digitaldesignnyc.co/wp-content/themes/tref/assets/images/arrow.svg]
[tref.digitaldesignnyc.co/wp-content/themes/tref/assets/images/arrow-hover.svg]
